C51 COMPILER V9.60.0.0   IIC_ADDRESS                                                       10/24/2021 23:25:51 PAGE 1   


C51 COMPILER V9.60.0.0, COMPILATION OF MODULE IIC_ADDRESS
OBJECT MODULE PLACED IN .\output\IIC_Address.obj
COMPILER INVOKED BY: C:\Keil_v5\C51\BIN\C51.EXE library\IIC_Address.c OPTIMIZE(8,SPEED) BROWSE INCDIR(.\library;..\LSM9D
                    -S1_new sensor MCU program) DEFINE(Custom,library) DEBUG OBJECTEXTEND PRINT(.\IIC_Address.lst) TABS(2) OBJECT(.\output\II
                    -C_Address.obj)

line level    source

   1          // #include <AT89X52.h>
   2          // #include <INTRINS.H>
   3          
   4          // #include "IIC_Address.h"
   5          // #include "Ext_function.h"
   6          
   7          //char* sensor_type_name;
   8          
   9          
  10          
  11          // void SetI2CParameters(void)
  12          // {
  13          
  14          //  if (StringCompare(sensor_type_name, "LSM9DS1", 7) == 1)
  15          //  {
  16          //    ADD_I2C = 0x38;   //Magnet I2C control address 0x38 0011 1000 (Deven)
  17          //    //ADD_I2C = 0x3C;   //BlueBoard
  18          //    ADD_X_LSB = 0x28;    //mag Xout LSB
  19          //    ADD_X_MSB = 0x29;    //mag Xout MSB
  20          //    ADD_Y_LSB = 0x2A;    //mag Yout LSB
  21          //    ADD_Y_MSB = 0x2B;    //mag Yout MSB
  22          //    ADD_Z_LSB = 0x2C;    //mag Zout LSB
  23          //    ADD_Z_MSB = 0x2D;    //mag Zout MSB
  24          //    ADD_STATUS = 0x27;     //mag Device status
  25          //    CTRL_REG1_M = 0x20; //Control register 1 >> ODR select
  26          //    CTRL_REG2_M = 0x21; //Control register 2 >> gauss full-scale &  reset Configuration registers and use
             -r register
  27          //    CTRL_REG3_M = 0x22; //Control register 3 >> continue/single mode
  28          //    CTRL_REG4_M = 0x23; //Control register 4 >> mag Z operation mode
  29          //    CTRL_REG5_M = 0x24; //Control register 5 >> block data updata
  30          //    ADD_ID = 0x0F;       //Product ID 0b0011 1101 >> 0x3D
  31          
  32          //    ACGY_ADD_I2C = 0xD4;      //Acc & Gyro I2C control address 0xD4 1101 0100 (Deven)
  33          //    //ACGY_ADD_I2C = 0xD6; //Blue Board
  34          //    ACGY_GYR_ADD_X_LSB = 0x18;   //gyro Xout LSB
  35          //    ACGY_GYR_ADD_X_MSB = 0x19;   //gyro Xout MSB
  36          //    ACGY_GYR_ADD_Y_LSB = 0x1A;   //gyro Yout LSB
  37          //    ACGY_GYR_ADD_Y_MSB = 0x1B;   //gyro Yout MSB
  38          //    ACGY_GYR_ADD_Z_LSB = 0x1C;   //gyro Zout LSB
  39          //    ACGY_GYR_ADD_Z_MSB = 0x1D;   //gyro Zout MSB
  40          //    ACGY_ADD_STATUS = 0x17;    //Device status>> bit5:Temp, bit6:Gyro, bit7:Acc
  41          //    ACGY_ADD_TMP_LSB = 0x15;  //Temperature Output LSB Register  Read
  42          //    ACGY_ADD_TMP_MSB = 0x16;  //Temperature Output MSB Register  Read
  43          //    ACGY_CTRL_REG1_G = 0x10;   //Control Register1 >> Gyro full-scale, ODR, BW
  44          //    ACGY_ORIENT_CFG_G = 0x13;   //Gyro XYZ sign
  45          //    ACGY_CTRL_REG4 = 0x1E; //Control Register4 >> GYRO XYZ enable
  46          //    ACGY_CTRL_REG5 = 0x1F; //Control Register5 >> ACC XYZ enable
  47          //    ACGY_CTRL_REG6 = 0x20; //Control Register6 >> ACC full-scale, ODR, BW
  48          //    ACGY_CTRL_REG7 = 0x21; //Control Register7 >>ACC high resolution mode
  49          //    ACGY_CTRL_REG8 = 0x22;  //Control Register8 >> Softreset → claer by hardware
  50          //    ACGY_CTRL_REG9 = 0x23;  //Control Register9 >> FIFO enable
  51          //    ACGY_FIFO_CTRL = 0x2E;  //FIFO mode select
  52          //    ACGY_ACC_ADD_X_LSB = 0x28; //Acc Xout LSB
C51 COMPILER V9.60.0.0   IIC_ADDRESS                                                       10/24/2021 23:25:51 PAGE 2   

  53          //    ACGY_ACC_ADD_X_MSB = 0x29; //Acc Xout MSB
  54          //    ACGY_ACC_ADD_Y_LSB = 0x2A; //Acc Yout LSB
  55          //    ACGY_ACC_ADD_Y_MSB = 0x2B; //Acc Yout MSB
  56          //    ACGY_ACC_ADD_Z_LSB = 0x2C; //Acc Zout LSB
  57          //    ACGY_ACC_ADD_Z_MSB = 0x2D; //Acc Zout MSB
  58          //    ACGY_ADD_ID = 0x0F;   //Product ID 0b01101000 >> 0x68
  59          
  60          //  }
  61          //  /*
  62          //  if (StringCompare(sensor_type_name, "MMC5883MA", 9) == 1)
  63          //  {
  64          //    ADD_I2C = 0x60;    //I2C control address 0x60 0110 0000
  65          //    ADD_X_LSB = 0x00;  //Xout LSB
  66          //    ADD_X_MSB = 0x01;  //Xout MSB
  67          //    ADD_Y_LSB = 0x02;  //Yout LSB
  68          //    ADD_Y_MSB = 0x03;  //Yout MSB
  69          //    ADD_Z_LSB = 0x04;  //Zout LSB
  70          //    ADD_Z_MSB = 0x05;  //Zout MSB
  71          //    ADD_TMP_MSB = 0x06;  //Temperature output
  72          //    ADD_STATUS = 0x07;   //Device status
  73          //    ADD_CONFIG_0 = 0x08; //Control register 0
  74          //    ADD_CONFIG_1 = 0x09; //Control register 1
  75          //    ADD_CONFIG_2 = 0x0A; //Control register 2
  76          //    //ADD_X_THR = 0x0B;  //Motion detection threshold of X
  77          //    //ADD_Y_THR = 0x0C;  //Motion detection threshold of Y
  78          //    //ADD_Z_THR = 0x0D;  //Motion detection threshold of Z
  79          //    ADD_ID = 0x2F; //Product ID 0b0010 1111
  80          //  }
  81          //  */
  82          //  // else if (StringCompare(sensor_type_name, "HMC5983", 7) == 1)
  83          //  // {
  84          //  //  ADD_I2C = 0x3C;    //I2C control address
  85          //  //  ADD_CONFIG_A = 0x00; //Configuration Register A   Read/Write
  86          //  //  ADD_CONFIG_B = 0x01; //Configuration Register B   Read/Write
  87          //  //  ADD_MODE = 0x02;   //Mode Register  Read/Write
  88          //  //  ADD_X_MSB = 0x03;  //Data Output X MSB Register  Read
  89          //  //  ADD_X_LSB = 0x04;  //Data Output X LSB Register  Read
  90          //  //  ADD_Z_MSB = 0x05;  //Data Output Z MSB Register  Read
  91          //  //  ADD_Z_LSB = 0x06;  //Data Output Z LSB Register  Read
  92          //  //  ADD_Y_MSB = 0x07;  //Data Output Y MSB Register  Read
  93          //  //  ADD_Y_LSB = 0x08;  //Data Output Y LSB Register  Read
  94          //  //  ADD_STATUS = 0x09;   //Status Register  Read
  95          //  //  ADD_ID_A = 0x0A;   //Identification Register A  Read
  96          //  //  ADD_ID_B = 0x0B;   //Identification Register B  Read
  97          //  //  ADD_ID_C = 0x0C;   //Identification Register C  Read
  98          //  //  ADD_TMP_MSB = 0x31;  //Temperature Output MSB Register  Read
  99          //  //  ADD_TMP_LSB = 0x32;  //Temperature Output LSB Register  Read
 100          //  // }
 101          // }


MODULE INFORMATION:   STATIC OVERLAYABLE
   CODE SIZE        =   ----    ----
   CONSTANT SIZE    =   ----    ----
   XDATA SIZE       =   ----    ----
   PDATA SIZE       =   ----    ----
   DATA SIZE        =   ----    ----
   IDATA SIZE       =   ----    ----
   BIT SIZE         =   ----    ----
END OF MODULE INFORMATION.


C51 COMPILATION COMPLETE.  0 WARNING(S),  0 ERROR(S)
